Archive member included to satisfy reference by file (symbol)

c:/program files (x86)/atmel/studio/7.0/toolchain/avr8/avr8-gnu-toolchain/bin/../lib/gcc/avr/5.4.0/avr5\libgcc.a(_udivmodqi4.o)
                              APP/Calculator/Calculator.o (__udivmodqi4)
c:/program files (x86)/atmel/studio/7.0/toolchain/avr8/avr8-gnu-toolchain/bin/../lib/gcc/avr/5.4.0/avr5\libgcc.a(_udivmodhi4.o)
                              Service/Timer_Services/Timer_Service.o (__udivmodhi4)
c:/program files (x86)/atmel/studio/7.0/toolchain/avr8/avr8-gnu-toolchain/bin/../lib/gcc/avr/5.4.0/avr5\libgcc.a(_divmodhi4.o)
                              HAL/lCD/LCD.o (__divmodhi4)
c:/program files (x86)/atmel/studio/7.0/toolchain/avr8/avr8-gnu-toolchain/bin/../lib/gcc/avr/5.4.0/avr5\libgcc.a(_udivmodsi4.o)
                              HAL/Sensors/Sensors.o (__udivmodsi4)
c:/program files (x86)/atmel/studio/7.0/toolchain/avr8/avr8-gnu-toolchain/bin/../lib/gcc/avr/5.4.0/avr5\libgcc.a(_exit.o)
                              C:/Program Files (x86)/Atmel/Studio/7.0/Packs/atmel/ATmega_DFP/1.7.374/gcc/dev/atmega32/avr5/crtatmega32.o (exit)
c:/program files (x86)/atmel/studio/7.0/toolchain/avr8/avr8-gnu-toolchain/bin/../lib/gcc/avr/5.4.0/avr5\libgcc.a(_copy_data.o)
                              APP/BoilerAndTankLevel/Boiler.o (__do_copy_data)
c:/program files (x86)/atmel/studio/7.0/toolchain/avr8/avr8-gnu-toolchain/bin/../lib/gcc/avr/5.4.0/avr5\libgcc.a(_clear_bss.o)
                              APP/BoilerAndTankLevel/Boiler.o (__do_clear_bss)
c:/program files (x86)/atmel/studio/7.0/toolchain/avr8/avr8-gnu-toolchain/bin/../lib/gcc/avr/5.4.0/avr5\libgcc.a(_umulhisi3.o)
                              APP/BoilerAndTankLevel/Boiler.o (__umulhisi3)
c:/program files (x86)/atmel/studio/7.0/toolchain/avr8/avr8-gnu-toolchain/bin/../lib/gcc/avr/5.4.0/avr5\libgcc.a(_muluhisi3.o)
                              MCAL/Timer/Timer.o (__muluhisi3)

Allocating common symbols
Common symbol       size              file

BinaryArray         0x10              APP/Converter/Converter.o
str                 0x14              main.o

Discarded input sections

 .data          0x00000000        0x0 C:/Program Files (x86)/Atmel/Studio/7.0/Packs/atmel/ATmega_DFP/1.7.374/gcc/dev/atmega32/avr5/crtatmega32.o
 .bss           0x00000000        0x0 C:/Program Files (x86)/Atmel/Studio/7.0/Packs/atmel/ATmega_DFP/1.7.374/gcc/dev/atmega32/avr5/crtatmega32.o
 .text          0x00000000        0x0 APP/BoilerAndTankLevel/Boiler.o
 .data          0x00000000        0x0 APP/BoilerAndTankLevel/Boiler.o
 .bss           0x00000000        0x0 APP/BoilerAndTankLevel/Boiler.o
 .text.BoilerStartSystem
                0x00000000        0x8 APP/BoilerAndTankLevel/Boiler.o
 .text.BoilerStopSystem
                0x00000000        0x6 APP/BoilerAndTankLevel/Boiler.o
 .text.BoilerAppInit
                0x00000000       0x3a APP/BoilerAndTankLevel/Boiler.o
 .text.Boiler_U8GetLevelSensor
                0x00000000        0x6 APP/BoilerAndTankLevel/Boiler.o
 .text.Boiler_U16GetTempSensor
                0x00000000        0x6 APP/BoilerAndTankLevel/Boiler.o
 .text.BoilerAppDiplayTempSensorRead
                0x00000000       0x5c APP/BoilerAndTankLevel/Boiler.o
 .rodata.str1.1
                0x00000000       0x16 APP/BoilerAndTankLevel/Boiler.o
 .text.BoilerRunnableApp
                0x00000000       0xb8 APP/BoilerAndTankLevel/Boiler.o
 .bss.StartFlag
                0x00000000        0x1 APP/BoilerAndTankLevel/Boiler.o
 .comment       0x00000000       0x31 APP/BoilerAndTankLevel/Boiler.o
 .text          0x00000000        0x0 APP/Calculator/Calculator.o
 .data          0x00000000        0x0 APP/Calculator/Calculator.o
 .bss           0x00000000        0x0 APP/Calculator/Calculator.o
 .text.Calculator
                0x00000000       0x40 APP/Calculator/Calculator.o
 .rodata.str1.1
                0x00000000       0x11 APP/Calculator/Calculator.o
 .text.CalculatorRunnable
                0x00000000       0xf6 APP/Calculator/Calculator.o
 .bss.sign      0x00000000        0x1 APP/Calculator/Calculator.o
 .bss.n2        0x00000000        0x1 APP/Calculator/Calculator.o
 .bss.n1        0x00000000        0x1 APP/Calculator/Calculator.o
 .bss.flag      0x00000000        0x1 APP/Calculator/Calculator.o
 .bss.flag1     0x00000000        0x1 APP/Calculator/Calculator.o
 .comment       0x00000000       0x31 APP/Calculator/Calculator.o
 .text          0x00000000        0x0 APP/Converter/Converter.o
 .data          0x00000000        0x0 APP/Converter/Converter.o
 .bss           0x00000000        0x0 APP/Converter/Converter.o
 .rodata.str1.1
                0x00000000       0x99 APP/Converter/Converter.o
 .text.WelcomeMessage
                0x00000000       0x38 APP/Converter/Converter.o
 .text.Power    0x00000000       0x1e APP/Converter/Converter.o
 .text.ConvertFromStringToHex
                0x00000000       0x3e APP/Converter/Converter.o
 .text.ConvertFromHexToDecimal
                0x00000000       0x5e APP/Converter/Converter.o
 .text.RenitilizeDatafromStringToHex
                0x00000000       0x26 APP/Converter/Converter.o
 .text.ConvertFromStringToBinary
                0x00000000       0x1c APP/Converter/Converter.o
 .text.ConvertFromBinaryToDec
                0x00000000       0x5e APP/Converter/Converter.o
 .text.RenitilixeDataFromStringToBinary
                0x00000000       0x26 APP/Converter/Converter.o
 .text.ConvertFromStringToDecimal
                0x00000000       0x40 APP/Converter/Converter.o
 .text.RenitializeDataFromStringToDec
                0x00000000        0xa APP/Converter/Converter.o
 .text.ConverterModeFirstLine
                0x00000000       0x3a APP/Converter/Converter.o
 .text.ConvertModeSecondLine
                0x00000000       0x32 APP/Converter/Converter.o
 .text.ConverterFirstScreenFirstLine
                0x00000000       0x46 APP/Converter/Converter.o
 .text.ConverterRunnable
                0x00000000       0xc0 APP/Converter/Converter.o
 .text.ConverterSelectFromSecondLine
                0x00000000       0x2a APP/Converter/Converter.o
 .bss.HexFlag   0x00000000        0x1 APP/Converter/Converter.o
 .bss.DecFlag   0x00000000        0x1 APP/Converter/Converter.o
 .bss.BinaryFlag
                0x00000000        0x1 APP/Converter/Converter.o
 .bss.ResultDecimal
                0x00000000        0x2 APP/Converter/Converter.o
 .bss.flag1     0x00000000        0x2 APP/Converter/Converter.o
 .bss.flag      0x00000000        0x2 APP/Converter/Converter.o
 .bss.flagSecondLine
                0x00000000        0x1 APP/Converter/Converter.o
 .bss.flagFirstLine
                0x00000000        0x1 APP/Converter/Converter.o
 .bss.DecNum    0x00000000        0x2 APP/Converter/Converter.o
 .bss.i1        0x00000000        0x1 APP/Converter/Converter.o
 .bss.BinaryToDec
                0x00000000        0x2 APP/Converter/Converter.o
 .bss.i         0x00000000        0x1 APP/Converter/Converter.o
 .bss.str       0x00000000       0x10 APP/Converter/Converter.o
 .bss.HexToDec  0x00000000        0x2 APP/Converter/Converter.o
 .comment       0x00000000       0x31 APP/Converter/Converter.o
 COMMON         0x00000000       0x10 APP/Converter/Converter.o
 .text          0x00000000        0x0 APP/FireAlarmSystem/FireAlarm.o
 .data          0x00000000        0x0 APP/FireAlarmSystem/FireAlarm.o
 .bss           0x00000000        0x0 APP/FireAlarmSystem/FireAlarm.o
 .rodata.str1.1
                0x00000000       0x22 APP/FireAlarmSystem/FireAlarm.o
 .text.FireAlarmSystemDiplaySensorRead
                0x00000000       0x74 APP/FireAlarmSystem/FireAlarm.o
 .text.FireAlarmSystemReadDisplayTemp
                0x00000000       0x2a APP/FireAlarmSystem/FireAlarm.o
 .text.FireAlarmSystemReadDisplaySmoke
                0x00000000       0x54 APP/FireAlarmSystem/FireAlarm.o
 .text.FireAlarmSystemFineState
                0x00000000       0x22 APP/FireAlarmSystem/FireAlarm.o
 .text.FireAlarmSystemHeatState
                0x00000000       0x2e APP/FireAlarmSystem/FireAlarm.o
 .text.FireAlarmSystemSmokeState
                0x00000000       0x40 APP/FireAlarmSystem/FireAlarm.o
 .text.FireAlarmSystemRunnable
                0x00000000       0x52 APP/FireAlarmSystem/FireAlarm.o
 .bss.Smokeflag
                0x00000000        0x2 APP/FireAlarmSystem/FireAlarm.o
 .bss.HeatFlag  0x00000000        0x2 APP/FireAlarmSystem/FireAlarm.o
 .bss.SmokeRead
                0x00000000        0x2 APP/FireAlarmSystem/FireAlarm.o
 .bss.TempRead  0x00000000        0x2 APP/FireAlarmSystem/FireAlarm.o
 .comment       0x00000000       0x31 APP/FireAlarmSystem/FireAlarm.o
 .text          0x00000000        0x0 APP/MotorApp/MOVE.o
 .data          0x00000000        0x0 APP/MotorApp/MOVE.o
 .bss           0x00000000        0x0 APP/MotorApp/MOVE.o
 .text.MOVE_Init
                0x00000000        0x2 APP/MotorApp/MOVE.o
 .text.MoveForward
                0x00000000       0x1a APP/MotorApp/MOVE.o
 .text.MoveBack
                0x00000000       0x1a APP/MotorApp/MOVE.o
 .text.Moveleft
                0x00000000       0x1a APP/MotorApp/MOVE.o
 .text.MoveRight
                0x00000000       0x1a APP/MotorApp/MOVE.o
 .text.MoveStop
                0x00000000       0x1a APP/MotorApp/MOVE.o
 .text.Move_Runable
                0x00000000       0x62 APP/MotorApp/MOVE.o
 .comment       0x00000000       0x31 APP/MotorApp/MOVE.o
 .text          0x00000000        0x0 General.o
 .data          0x00000000        0x0 General.o
 .bss           0x00000000        0x0 General.o
 .bss.i         0x00000000        0x1 General.o
 .comment       0x00000000       0x31 General.o
 .text          0x00000000        0x0 HAL/KeyPad/KeyPad.o
 .data          0x00000000        0x0 HAL/KeyPad/KeyPad.o
 .bss           0x00000000        0x0 HAL/KeyPad/KeyPad.o
 .text.keyPad_GetKey
                0x00000000       0x94 HAL/KeyPad/KeyPad.o
 .rodata.KeysArray
                0x00000000       0x20 HAL/KeyPad/KeyPad.o
 .text          0x00000000        0x0 HAL/lCD/LCD.o
 .data          0x00000000        0x0 HAL/lCD/LCD.o
 .bss           0x00000000        0x0 HAL/lCD/LCD.o
 .text.LCD_WriteString
                0x00000000       0x26 HAL/lCD/LCD.o
 .text.LCD_Clear
                0x00000000       0x14 HAL/lCD/LCD.o
 .text.LCD_WriteNumber4Digit
                0x00000000       0x9e HAL/lCD/LCD.o
 .text.LCDWriteBinary
                0x00000000       0x46 HAL/lCD/LCD.o
 .text.LCDWriteHex
                0x00000000       0x8e HAL/lCD/LCD.o
 .text          0x00000000        0x0 HAL/lCD/LCD_Private.o
 .data          0x00000000        0x0 HAL/lCD/LCD_Private.o
 .bss           0x00000000        0x0 HAL/lCD/LCD_Private.o
 .comment       0x00000000       0x31 HAL/lCD/LCD_Private.o
 .text          0x00000000        0x0 HAL/LED/LED.o
 .data          0x00000000        0x0 HAL/LED/LED.o
 .bss           0x00000000        0x0 HAL/LED/LED.o
 .text.LEDON    0x00000000        0x8 HAL/LED/LED.o
 .text.LEDOFF   0x00000000        0x8 HAL/LED/LED.o
 .comment       0x00000000       0x31 HAL/LED/LED.o
 .text          0x00000000        0x0 HAL/Motor/Motor.o
 .data          0x00000000        0x0 HAL/Motor/Motor.o
 .bss           0x00000000        0x0 HAL/Motor/Motor.o
 .text.MotorStop
                0x00000000       0x58 HAL/Motor/Motor.o
 .text.MotorCw  0x00000000       0x26 HAL/Motor/Motor.o
 .text.MotorCCw
                0x00000000       0x26 HAL/Motor/Motor.o
 .text.MotorOn  0x00000000        0xa HAL/Motor/Motor.o
 .text.MotorOFF
                0x00000000        0xa HAL/Motor/Motor.o
 .text.HeaterON
                0x00000000        0xa HAL/Motor/Motor.o
 .text.HeaterOFF
                0x00000000        0xa HAL/Motor/Motor.o
 .text.InletValveOpen
                0x00000000        0xa HAL/Motor/Motor.o
 .text.InletValveClose
                0x00000000        0xa HAL/Motor/Motor.o
 .text.OutletValveOpen
                0x00000000        0xa HAL/Motor/Motor.o
 .text.OutletValveClose
                0x00000000        0xa HAL/Motor/Motor.o
 .comment       0x00000000       0x31 HAL/Motor/Motor.o
 .text          0x00000000        0x0 HAL/Motor/Motor_cfg.o
 .data          0x00000000        0x0 HAL/Motor/Motor_cfg.o
 .bss           0x00000000        0x0 HAL/Motor/Motor_cfg.o
 .rodata.MotorPinsArray
                0x00000000        0x8 HAL/Motor/Motor_cfg.o
 .comment       0x00000000       0x31 HAL/Motor/Motor_cfg.o
 .text          0x00000000        0x0 HAL/Sensors/Sensors.o
 .data          0x00000000        0x0 HAL/Sensors/Sensors.o
 .bss           0x00000000        0x0 HAL/Sensors/Sensors.o
 .text.Temp_Read
                0x00000000        0x8 HAL/Sensors/Sensors.o
 .text.MPX415SmokeeRead
                0x00000000       0x2c HAL/Sensors/Sensors.o
 .text.MPX415ADCRead
                0x00000000        0x8 HAL/Sensors/Sensors.o
 .comment       0x00000000       0x31 HAL/Sensors/Sensors.o
 .text          0x00000000        0x0 HAL/SevenSegment/SevenSegment.o
 .data          0x00000000        0x0 HAL/SevenSegment/SevenSegment.o
 .bss           0x00000000        0x0 HAL/SevenSegment/SevenSegment.o
 .rodata        0x00000000        0xa HAL/SevenSegment/SevenSegment.o
 .text.SevenSegmentDisplay
                0x00000000       0xc2 HAL/SevenSegment/SevenSegment.o
 .comment       0x00000000       0x31 HAL/SevenSegment/SevenSegment.o
 .text          0x00000000        0x0 HAL/SevenSegment/SevenSegment_Cfg.o
 .data          0x00000000        0x0 HAL/SevenSegment/SevenSegment_Cfg.o
 .bss           0x00000000        0x0 HAL/SevenSegment/SevenSegment_Cfg.o
 .comment       0x00000000       0x31 HAL/SevenSegment/SevenSegment_Cfg.o
 .text          0x00000000        0x0 HAL/Ultrasonic/ultrasonic.o
 .data          0x00000000        0x0 HAL/Ultrasonic/ultrasonic.o
 .bss           0x00000000        0x0 HAL/Ultrasonic/ultrasonic.o
 .text.Func_OVF
                0x00000000       0x14 HAL/Ultrasonic/ultrasonic.o
 .text.Func_ICU
                0x00000000       0x68 HAL/Ultrasonic/ultrasonic.o
 .text.ULTRASONIC_Init
                0x00000000       0x1a HAL/Ultrasonic/ultrasonic.o
 .text.ULTRASONIC_GetDistance
                0x00000000       0x80 HAL/Ultrasonic/ultrasonic.o
 .bss.c         0x00000000        0x2 HAL/Ultrasonic/ultrasonic.o
 .bss.flag      0x00000000        0x2 HAL/Ultrasonic/ultrasonic.o
 .bss.t2        0x00000000        0x2 HAL/Ultrasonic/ultrasonic.o
 .bss.t1        0x00000000        0x2 HAL/Ultrasonic/ultrasonic.o
 .comment       0x00000000       0x31 HAL/Ultrasonic/ultrasonic.o
 .text          0x00000000        0x0 main.o
 .data          0x00000000        0x0 main.o
 .bss           0x00000000        0x0 main.o
 .text.MON      0x00000000        0x8 main.o
 .text.Func_RX  0x00000000       0x40 main.o
 .text.OVF      0x00000000       0x14 main.o
 .bss.i.2127    0x00000000        0x1 main.o
 .bss.data      0x00000000       0x14 main.o
 .bss.flag      0x00000000        0x2 main.o
 COMMON         0x00000000       0x14 main.o
 .text          0x00000000        0x0 MCAL/ADC/ADC.o
 .data          0x00000000        0x0 MCAL/ADC/ADC.o
 .bss           0x00000000        0x0 MCAL/ADC/ADC.o
 .text.ADCRead  0x00000000       0x1c MCAL/ADC/ADC.o
 .text.Readpotentiometer
                0x00000000       0x1e MCAL/ADC/ADC.o
 .text.ReadVolt
                0x00000000       0x1e MCAL/ADC/ADC.o
 .text          0x00000000        0x0 MCAL/DIO/DIO.o
 .data          0x00000000        0x0 MCAL/DIO/DIO.o
 .bss           0x00000000        0x0 MCAL/DIO/DIO.o
 .text.DIO_VidTogglePin
                0x00000000       0x82 MCAL/DIO/DIO.o
 .text.DIO_LowHighReadPin
                0x00000000       0x74 MCAL/DIO/DIO.o
 .text.DIO_vidIntPort
                0x00000000       0x20 MCAL/DIO/DIO.o
 .text.DIO_VidWritePort
                0x00000000       0x20 MCAL/DIO/DIO.o
 .text.DIO_VidTogglePort
                0x00000000       0x30 MCAL/DIO/DIO.o
 .text.DIO_u8ReadPort
                0x00000000       0x22 MCAL/DIO/DIO.o
 .text          0x00000000        0x0 MCAL/DIO/DIO_Cfg.o
 .data          0x00000000        0x0 MCAL/DIO/DIO_Cfg.o
 .bss           0x00000000        0x0 MCAL/DIO/DIO_Cfg.o
 .text          0x00000000        0x0 MCAL/Interrupt/Interrupt.o
 .data          0x00000000        0x0 MCAL/Interrupt/Interrupt.o
 .bss           0x00000000        0x0 MCAL/Interrupt/Interrupt.o
 .text.ExternalInterruptDisable
                0x00000000       0x24 MCAL/Interrupt/Interrupt.o
 .text          0x00000000        0x0 MCAL/Timer/Timer.o
 .data          0x00000000        0x0 MCAL/Timer/Timer.o
 .bss           0x00000000        0x0 MCAL/Timer/Timer.o
 .text.TIMER0_Init
                0x00000000       0x54 MCAL/Timer/Timer.o
 .text.TIMER0_OV_InterruptEnable
                0x00000000        0x8 MCAL/Timer/Timer.o
 .text.TIMER0_OV_InterruptDisable
                0x00000000        0x8 MCAL/Timer/Timer.o
 .text.TIMER0_OC_InterruptEnable
                0x00000000        0x8 MCAL/Timer/Timer.o
 .text.TIMER0_OC_InterruptDisable
                0x00000000        0x8 MCAL/Timer/Timer.o
 .text.TIMER0_OC0PinMode
                0x00000000       0x48 MCAL/Timer/Timer.o
 .text.TIMER0_OV_SetCallBack
                0x00000000        0xa MCAL/Timer/Timer.o
 .text.TIMER0_OC_SetCallBack
                0x00000000        0xa MCAL/Timer/Timer.o
 .text.TIMER1_OC1A_Mode
                0x00000000       0x48 MCAL/Timer/Timer.o
 .text.TIMER1_OC1B_Mode
                0x00000000       0x48 MCAL/Timer/Timer.o
 .text.TIMER1_OVF_InterruptDisable
                0x00000000        0x8 MCAL/Timer/Timer.o
 .text.TIMER1_OCA_InterruptEnable
                0x00000000        0x8 MCAL/Timer/Timer.o
 .text.TIMER1_OCA_InterruptDisable
                0x00000000        0x8 MCAL/Timer/Timer.o
 .text.TIMER1_OCB_InterruptEnable
                0x00000000        0x8 MCAL/Timer/Timer.o
 .text.TIMER1_OCB_InterruptDisable
                0x00000000        0x8 MCAL/Timer/Timer.o
 .text.TIMER1_ICU_InterruptEnable
                0x00000000        0x8 MCAL/Timer/Timer.o
 .text.TIMER1_ICU_InterruptDisable
                0x00000000        0x8 MCAL/Timer/Timer.o
 .text.TIMER1_ICU_Trigger
                0x00000000       0x1a MCAL/Timer/Timer.o
 .text.Func_ICU
                0x00000000       0x7e MCAL/Timer/Timer.o
 .text.TIMER1_OC1A_SetCallBack
                0x00000000        0xa MCAL/Timer/Timer.o
 .text.TIMER1_OC1B_SetCallBack
                0x00000000        0xa MCAL/Timer/Timer.o
 .text.TIMER1_ICU_SetCallBack
                0x00000000        0xa MCAL/Timer/Timer.o
 .text.PWM_Measure
                0x00000000       0xb4 MCAL/Timer/Timer.o
 .bss.flag      0x00000000        0x2 MCAL/Timer/Timer.o
 .bss.t3        0x00000000        0x2 MCAL/Timer/Timer.o
 .bss.t2        0x00000000        0x2 MCAL/Timer/Timer.o
 .bss.t1        0x00000000        0x2 MCAL/Timer/Timer.o
 .text          0x00000000        0x0 MCAL/UART/UART.o
 .data          0x00000000        0x0 MCAL/UART/UART.o
 .bss           0x00000000        0x0 MCAL/UART/UART.o
 .text.UART_VoidInit
                0x00000000       0x18 MCAL/UART/UART.o
 .text.UART_VoidWriteDataChar
                0x00000000        0x8 MCAL/UART/UART.o
 .text.UART_U8ReadData
                0x00000000        0x8 MCAL/UART/UART.o
 .text.UART_ReadDataPeriodicCheck
                0x00000000       0x16 MCAL/UART/UART.o
 .text.UART_RXComplete_InterruptEnable
                0x00000000        0x8 MCAL/UART/UART.o
 .text.UART_RXComplete_InterruptDisable
                0x00000000        0x8 MCAL/UART/UART.o
 .text.UART_TXComplete_InterruptEnable
                0x00000000        0x8 MCAL/UART/UART.o
 .text.UART_TXComplete_InterruptDisable
                0x00000000        0x8 MCAL/UART/UART.o
 .text.UART_SendByteNoBlock
                0x00000000        0x4 MCAL/UART/UART.o
 .text.UART_ReceiveByteNoBlock
                0x00000000        0x4 MCAL/UART/UART.o
 .text.UART_RXCIE_SetCallBack
                0x00000000        0xa MCAL/UART/UART.o
 .text.UART_TXCIE_SetCallBack
                0x00000000        0x2 MCAL/UART/UART.o
 .text.USART_RXC_vect
                0x00000000       0x52 MCAL/UART/UART.o
 .bss.UART_RX_Fptr
                0x00000000        0x2 MCAL/UART/UART.o
 .comment       0x00000000       0x31 MCAL/UART/UART.o
 .text          0x00000000        0x0 Service/Timer_Services/Timer_Service.o
 .data          0x00000000        0x0 Service/Timer_Services/Timer_Service.o
 .bss           0x00000000        0x0 Service/Timer_Services/Timer_Service.o
 .text.DelayTimeSec
                0x00000000       0x36 Service/Timer_Services/Timer_Service.o
 .text.PWM_Init
                0x00000000       0x10 Service/Timer_Services/Timer_Service.o
 .text.PWM_Freq_KHZ
                0x00000000       0x24 Service/Timer_Services/Timer_Service.o
 .text.PWM_Freq_HZ
                0x00000000       0x2c Service/Timer_Services/Timer_Service.o
 .text.PWM_Duty
                0x00000000       0x34 Service/Timer_Services/Timer_Service.o
 .text.PWM_Frehz_DutyCycle
                0x00000000       0x16 Service/Timer_Services/Timer_Service.o
 .text.Timer1_SetInterruptTime_ms
                0x00000000       0x46 Service/Timer_Services/Timer_Service.o
 .text.Timer1_SetInterruptTime_us
                0x00000000       0x34 Service/Timer_Services/Timer_Service.o
 .text.TIMER0_IntSevice
                0x00000000       0x12 Service/Timer_Services/Timer_Service.o
 .text.TIMER0_DelayOnSec
                0x00000000       0x2e Service/Timer_Services/Timer_Service.o
 .bss.TimerFlag
                0x00000000        0x1 Service/Timer_Services/Timer_Service.o
 .bss.c         0x00000000        0x1 Service/Timer_Services/Timer_Service.o
 .data.GeneralTime
                0x00000000        0x2 Service/Timer_Services/Timer_Service.o
 .comment       0x00000000       0x31 Service/Timer_Services/Timer_Service.o
 .text          0x00000000        0x0 Service/UARTService/UARTService.o
 .data          0x00000000        0x0 Service/UARTService/UARTService.o
 .bss           0x00000000        0x0 Service/UARTService/UARTService.o
 .text.UART_VoidWriteString
                0x00000000       0x26 Service/UARTService/UARTService.o
 .text.UART_VoidReadString
                0x00000000       0x42 Service/UARTService/UARTService.o
 .text.UART_WriteNumber
                0x00000000       0x42 Service/UARTService/UARTService.o
 .text.UART_ReadNumber
                0x00000000       0x68 Service/UARTService/UARTService.o
 .text.UART_ReadNumber1
                0x00000000       0x4e Service/UARTService/UARTService.o
 .text.checksystem
                0x00000000        0x4 Service/UARTService/UARTService.o
 .text.Convert  0x00000000        0x8 Service/UARTService/UARTService.o
 .text.convert2
                0x00000000       0x76 Service/UARTService/UARTService.o
 .comment       0x00000000       0x31 Service/UARTService/UARTService.o
 .text          0x00000000        0x0 c:/program files (x86)/atmel/studio/7.0/toolchain/avr8/avr8-gnu-toolchain/bin/../lib/gcc/avr/5.4.0/avr5\libgcc.a(_udivmodqi4.o)
 .data          0x00000000        0x0 c:/program files (x86)/atmel/studio/7.0/toolchain/avr8/avr8-gnu-toolchain/bin/../lib/gcc/avr/5.4.0/avr5\libgcc.a(_udivmodqi4.o)
 .bss           0x00000000        0x0 c:/program files (x86)/atmel/studio/7.0/toolchain/avr8/avr8-gnu-toolchain/bin/../lib/gcc/avr/5.4.0/avr5\libgcc.a(_udivmodqi4.o)
 .text.libgcc.mul
                0x00000000        0x0 c:/program files (x86)/atmel/studio/7.0/toolchain/avr8/avr8-gnu-toolchain/bin/../lib/gcc/avr/5.4.0/avr5\libgcc.a(_udivmodqi4.o)
 .text.libgcc.div
                0x00000000       0x18 c:/program files (x86)/atmel/studio/7.0/toolchain/avr8/avr8-gnu-toolchain/bin/../lib/gcc/avr/5.4.0/avr5\libgcc.a(_udivmodqi4.o)
 .text.libgcc   0x00000000        0x0 c:/program files (x86)/atmel/studio/7.0/toolchain/avr8/avr8-gnu-toolchain/bin/../lib/gcc/avr/5.4.0/avr5\libgcc.a(_udivmodqi4.o)
 .text.libgcc.prologue
                0x00000000        0x0 c:/program files (x86)/atmel/studio/7.0/toolchain/avr8/avr8-gnu-toolchain/bin/../lib/gcc/avr/5.4.0/avr5\libgcc.a(_udivmodqi4.o)
 .text.libgcc.builtins
                0x00000000        0x0 c:/program files (x86)/atmel/studio/7.0/toolchain/avr8/avr8-gnu-toolchain/bin/../lib/gcc/avr/5.4.0/avr5\libgcc.a(_udivmodqi4.o)
 .text.libgcc.fmul
                0x00000000        0x0 c:/program files (x86)/atmel/studio/7.0/toolchain/avr8/avr8-gnu-toolchain/bin/../lib/gcc/avr/5.4.0/avr5\libgcc.a(_udivmodqi4.o)
 .text.libgcc.fixed
                0x00000000        0x0 c:/program files (x86)/atmel/studio/7.0/toolchain/avr8/avr8-gnu-toolchain/bin/../lib/gcc/avr/5.4.0/avr5\libgcc.a(_udivmodqi4.o)
 .text          0x00000000        0x0 c:/program files (x86)/atmel/studio/7.0/toolchain/avr8/avr8-gnu-toolchain/bin/../lib/gcc/avr/5.4.0/avr5\libgcc.a(_udivmodhi4.o)
 .data          0x00000000        0x0 c:/program files (x86)/atmel/studio/7.0/toolchain/avr8/avr8-gnu-toolchain/bin/../lib/gcc/avr/5.4.0/avr5\libgcc.a(_udivmodhi4.o)
 .bss           0x00000000        0x0 c:/program files (x86)/atmel/studio/7.0/toolchain/avr8/avr8-gnu-toolchain/bin/../lib/gcc/avr/5.4.0/avr5\libgcc.a(_udivmodhi4.o)
 .text.libgcc.mul
                0x00000000        0x0 c:/program files (x86)/atmel/studio/7.0/toolchain/avr8/avr8-gnu-toolchain/bin/../lib/gcc/avr/5.4.0/avr5\libgcc.a(_udivmodhi4.o)
 .text.libgcc   0x00000000        0x0 c:/program files (x86)/atmel/studio/7.0/toolchain/avr8/avr8-gnu-toolchain/bin/../lib/gcc/avr/5.4.0/avr5\libgcc.a(_udivmodhi4.o)
 .text.libgcc.prologue
                0x00000000        0x0 c:/program files (x86)/atmel/studio/7.0/toolchain/avr8/avr8-gnu-toolchain/bin/../lib/gcc/avr/5.4.0/avr5\libgcc.a(_udivmodhi4.o)
 .text.libgcc.builtins
                0x00000000        0x0 c:/program files (x86)/atmel/studio/7.0/toolchain/avr8/avr8-gnu-toolchain/bin/../lib/gcc/avr/5.4.0/avr5\libgcc.a(_udivmodhi4.o)
 .text.libgcc.fmul
                0x00000000        0x0 c:/program files (x86)/atmel/studio/7.0/toolchain/avr8/avr8-gnu-toolchain/bin/../lib/gcc/avr/5.4.0/avr5\libgcc.a(_udivmodhi4.o)
 .text.libgcc.fixed
                0x00000000        0x0 c:/program files (x86)/atmel/studio/7.0/toolchain/avr8/avr8-gnu-toolchain/bin/../lib/gcc/avr/5.4.0/avr5\libgcc.a(_udivmodhi4.o)
 .text          0x00000000        0x0 c:/program files (x86)/atmel/studio/7.0/toolchain/avr8/avr8-gnu-toolchain/bin/../lib/gcc/avr/5.4.0/avr5\libgcc.a(_divmodhi4.o)
 .data          0x00000000        0x0 c:/program files (x86)/atmel/studio/7.0/toolchain/avr8/avr8-gnu-toolchain/bin/../lib/gcc/avr/5.4.0/avr5\libgcc.a(_divmodhi4.o)
 .bss           0x00000000        0x0 c:/program files (x86)/atmel/studio/7.0/toolchain/avr8/avr8-gnu-toolchain/bin/../lib/gcc/avr/5.4.0/avr5\libgcc.a(_divmodhi4.o)
 .text.libgcc.mul
                0x00000000        0x0 c:/program files (x86)/atmel/studio/7.0/toolchain/avr8/avr8-gnu-toolchain/bin/../lib/gcc/avr/5.4.0/avr5\libgcc.a(_divmodhi4.o)
 .text.libgcc   0x00000000        0x0 c:/program files (x86)/atmel/studio/7.0/toolchain/avr8/avr8-gnu-toolchain/bin/../lib/gcc/avr/5.4.0/avr5\libgcc.a(_divmodhi4.o)
 .text.libgcc.prologue
                0x00000000        0x0 c:/program files (x86)/atmel/studio/7.0/toolchain/avr8/avr8-gnu-toolchain/bin/../lib/gcc/avr/5.4.0/avr5\libgcc.a(_divmodhi4.o)
 .text.libgcc.builtins
                0x00000000        0x0 c:/program files (x86)/atmel/studio/7.0/toolchain/avr8/avr8-gnu-toolchain/bin/../lib/gcc/avr/5.4.0/avr5\libgcc.a(_divmodhi4.o)
 .text.libgcc.fmul
                0x00000000        0x0 c:/program files (x86)/atmel/studio/7.0/toolchain/avr8/avr8-gnu-toolchain/bin/../lib/gcc/avr/5.4.0/avr5\libgcc.a(_divmodhi4.o)
 .text.libgcc.fixed
                0x00000000        0x0 c:/program files (x86)/atmel/studio/7.0/toolchain/avr8/avr8-gnu-toolchain/bin/../lib/gcc/avr/5.4.0/avr5\libgcc.a(_divmodhi4.o)
 .text          0x00000000        0x0 c:/program files (x86)/atmel/studio/7.0/toolchain/avr8/avr8-gnu-toolchain/bin/../lib/gcc/avr/5.4.0/avr5\libgcc.a(_udivmodsi4.o)
 .data          0x00000000        0x0 c:/program files (x86)/atmel/studio/7.0/toolchain/avr8/avr8-gnu-toolchain/bin/../lib/gcc/avr/5.4.0/avr5\libgcc.a(_udivmodsi4.o)
 .bss           0x00000000        0x0 c:/program files (x86)/atmel/studio/7.0/toolchain/avr8/avr8-gnu-toolchain/bin/../lib/gcc/avr/5.4.0/avr5\libgcc.a(_udivmodsi4.o)
 .text.libgcc.mul
                0x00000000        0x0 c:/program files (x86)/atmel/studio/7.0/toolchain/avr8/avr8-gnu-toolchain/bin/../lib/gcc/avr/5.4.0/avr5\libgcc.a(_udivmodsi4.o)
 .text.libgcc.div
                0x00000000       0x44 c:/program files (x86)/atmel/studio/7.0/toolchain/avr8/avr8-gnu-toolchain/bin/../lib/gcc/avr/5.4.0/avr5\libgcc.a(_udivmodsi4.o)
 .text.libgcc   0x00000000        0x0 c:/program files (x86)/atmel/studio/7.0/toolchain/avr8/avr8-gnu-toolchain/bin/../lib/gcc/avr/5.4.0/avr5\libgcc.a(_udivmodsi4.o)
 .text.libgcc.prologue
                0x00000000        0x0 c:/program files (x86)/atmel/studio/7.0/toolchain/avr8/avr8-gnu-toolchain/bin/../lib/gcc/avr/5.4.0/avr5\libgcc.a(_udivmodsi4.o)
 .text.libgcc.builtins
                0x00000000        0x0 c:/program files (x86)/atmel/studio/7.0/toolchain/avr8/avr8-gnu-toolchain/bin/../lib/gcc/avr/5.4.0/avr5\libgcc.a(_udivmodsi4.o)
 .text.libgcc.fmul
                0x00000000        0x0 c:/program files (x86)/atmel/studio/7.0/toolchain/avr8/avr8-gnu-toolchain/bin/../lib/gcc/avr/5.4.0/avr5\libgcc.a(_udivmodsi4.o)
 .text.libgcc.fixed
                0x00000000        0x0 c:/program files (x86)/atmel/studio/7.0/toolchain/avr8/avr8-gnu-toolchain/bin/../lib/gcc/avr/5.4.0/avr5\libgcc.a(_udivmodsi4.o)
 .text          0x00000000        0x0 c:/program files (x86)/atmel/studio/7.0/toolchain/avr8/avr8-gnu-toolchain/bin/../lib/gcc/avr/5.4.0/avr5\libgcc.a(_exit.o)
 .data          0x00000000        0x0 c:/program files (x86)/atmel/studio/7.0/toolchain/avr8/avr8-gnu-toolchain/bin/../lib/gcc/avr/5.4.0/avr5\libgcc.a(_exit.o)
 .bss           0x00000000        0x0 c:/program files (x86)/atmel/studio/7.0/toolchain/avr8/avr8-gnu-toolchain/bin/../lib/gcc/avr/5.4.0/avr5\libgcc.a(_exit.o)
 .text.libgcc.mul
                0x00000000        0x0 c:/program files (x86)/atmel/studio/7.0/toolchain/avr8/avr8-gnu-toolchain/bin/../lib/gcc/avr/5.4.0/avr5\libgcc.a(_exit.o)
 .text.libgcc.div
                0x00000000        0x0 c:/program files (x86)/atmel/studio/7.0/toolchain/avr8/avr8-gnu-toolchain/bin/../lib/gcc/avr/5.4.0/avr5\libgcc.a(_exit.o)
 .text.libgcc   0x00000000        0x0 c:/program files (x86)/atmel/studio/7.0/toolchain/avr8/avr8-gnu-toolchain/bin/../lib/gcc/avr/5.4.0/avr5\libgcc.a(_exit.o)
 .text.libgcc.prologue
                0x00000000        0x0 c:/program files (x86)/atmel/studio/7.0/toolchain/avr8/avr8-gnu-toolchain/bin/../lib/gcc/avr/5.4.0/avr5\libgcc.a(_exit.o)
 .text.libgcc.builtins
                0x00000000        0x0 c:/program files (x86)/atmel/studio/7.0/toolchain/avr8/avr8-gnu-toolchain/bin/../lib/gcc/avr/5.4.0/avr5\libgcc.a(_exit.o)
 .text.libgcc.fmul
                0x00000000        0x0 c:/program files (x86)/atmel/studio/7.0/toolchain/avr8/avr8-gnu-toolchain/bin/../lib/gcc/avr/5.4.0/avr5\libgcc.a(_exit.o)
 .text.libgcc.fixed
                0x00000000        0x0 c:/program files (x86)/atmel/studio/7.0/toolchain/avr8/avr8-gnu-toolchain/bin/../lib/gcc/avr/5.4.0/avr5\libgcc.a(_exit.o)
 .text          0x00000000        0x0 c:/program files (x86)/atmel/studio/7.0/toolchain/avr8/avr8-gnu-toolchain/bin/../lib/gcc/avr/5.4.0/avr5\libgcc.a(_copy_data.o)
 .data          0x00000000        0x0 c:/program files (x86)/atmel/studio/7.0/toolchain/avr8/avr8-gnu-toolchain/bin/../lib/gcc/avr/5.4.0/avr5\libgcc.a(_copy_data.o)
 .bss           0x00000000        0x0 c:/program files (x86)/atmel/studio/7.0/toolchain/avr8/avr8-gnu-toolchain/bin/../lib/gcc/avr/5.4.0/avr5\libgcc.a(_copy_data.o)
 .text.libgcc.mul
                0x00000000        0x0 c:/program files (x86)/atmel/studio/7.0/toolchain/avr8/avr8-gnu-toolchain/bin/../lib/gcc/avr/5.4.0/avr5\libgcc.a(_copy_data.o)
 .text.libgcc.div
                0x00000000        0x0 c:/program files (x86)/atmel/studio/7.0/toolchain/avr8/avr8-gnu-toolchain/bin/../lib/gcc/avr/5.4.0/avr5\libgcc.a(_copy_data.o)
 .text.libgcc   0x00000000        0x0 c:/program files (x86)/atmel/studio/7.0/toolchain/avr8/avr8-gnu-toolchain/bin/../lib/gcc/avr/5.4.0/avr5\libgcc.a(_copy_data.o)
 .text.libgcc.prologue
                0x00000000        0x0 c:/program files (x86)/atmel/studio/7.0/toolchain/avr8/avr8-gnu-toolchain/bin/../lib/gcc/avr/5.4.0/avr5\libgcc.a(_copy_data.o)
 .text.libgcc.builtins
                0x00000000        0x0 c:/program files (x86)/atmel/studio/7.0/toolchain/avr8/avr8-gnu-toolchain/bin/../lib/gcc/avr/5.4.0/avr5\libgcc.a(_copy_data.o)
 .text.libgcc.fmul
                0x00000000        0x0 c:/program files (x86)/atmel/studio/7.0/toolchain/avr8/avr8-gnu-toolchain/bin/../lib/gcc/avr/5.4.0/avr5\libgcc.a(_copy_data.o)
 .text.libgcc.fixed
                0x00000000        0x0 c:/program files (x86)/atmel/studio/7.0/toolchain/avr8/avr8-gnu-toolchain/bin/../lib/gcc/avr/5.4.0/avr5\libgcc.a(_copy_data.o)
 .text          0x00000000        0x0 c:/program files (x86)/atmel/studio/7.0/toolchain/avr8/avr8-gnu-toolchain/bin/../lib/gcc/avr/5.4.0/avr5\libgcc.a(_clear_bss.o)
 .data          0x00000000        0x0 c:/program files (x86)/atmel/studio/7.0/toolchain/avr8/avr8-gnu-toolchain/bin/../lib/gcc/avr/5.4.0/avr5\libgcc.a(_clear_bss.o)
 .bss           0x00000000        0x0 c:/program files (x86)/atmel/studio/7.0/toolchain/avr8/avr8-gnu-toolchain/bin/../lib/gcc/avr/5.4.0/avr5\libgcc.a(_clear_bss.o)
 .text.libgcc.mul
                0x00000000        0x0 c:/program files (x86)/atmel/studio/7.0/toolchain/avr8/avr8-gnu-toolchain/bin/../lib/gcc/avr/5.4.0/avr5\libgcc.a(_clear_bss.o)
 .text.libgcc.div
                0x00000000        0x0 c:/program files (x86)/atmel/studio/7.0/toolchain/avr8/avr8-gnu-toolchain/bin/../lib/gcc/avr/5.4.0/avr5\libgcc.a(_clear_bss.o)
 .text.libgcc   0x00000000        0x0 c:/program files (x86)/atmel/studio/7.0/toolchain/avr8/avr8-gnu-toolchain/bin/../lib/gcc/avr/5.4.0/avr5\libgcc.a(_clear_bss.o)
 .text.libgcc.prologue
                0x00000000        0x0 c:/program files (x86)/atmel/studio/7.0/toolchain/avr8/avr8-gnu-toolchain/bin/../lib/gcc/avr/5.4.0/avr5\libgcc.a(_clear_bss.o)
 .text.libgcc.builtins
                0x00000000        0x0 c:/program files (x86)/atmel/studio/7.0/toolchain/avr8/avr8-gnu-toolchain/bin/../lib/gcc/avr/5.4.0/avr5\libgcc.a(_clear_bss.o)
 .text.libgcc.fmul
                0x00000000        0x0 c:/program files (x86)/atmel/studio/7.0/toolchain/avr8/avr8-gnu-toolchain/bin/../lib/gcc/avr/5.4.0/avr5\libgcc.a(_clear_bss.o)
 .text.libgcc.fixed
                0x00000000        0x0 c:/program files (x86)/atmel/studio/7.0/toolchain/avr8/avr8-gnu-toolchain/bin/../lib/gcc/avr/5.4.0/avr5\libgcc.a(_clear_bss.o)
 .text          0x00000000        0x0 c:/program files (x86)/atmel/studio/7.0/toolchain/avr8/avr8-gnu-toolchain/bin/../lib/gcc/avr/5.4.0/avr5\libgcc.a(_umulhisi3.o)
 .data          0x00000000        0x0 c:/program files (x86)/atmel/studio/7.0/toolchain/avr8/avr8-gnu-toolchain/bin/../lib/gcc/avr/5.4.0/avr5\libgcc.a(_umulhisi3.o)
 .bss           0x00000000        0x0 c:/program files (x86)/atmel/studio/7.0/toolchain/avr8/avr8-gnu-toolchain/bin/../lib/gcc/avr/5.4.0/avr5\libgcc.a(_umulhisi3.o)
 .text.libgcc.mul
                0x00000000       0x1e c:/program files (x86)/atmel/studio/7.0/toolchain/avr8/avr8-gnu-toolchain/bin/../lib/gcc/avr/5.4.0/avr5\libgcc.a(_umulhisi3.o)
 .text.libgcc.div
                0x00000000        0x0 c:/program files (x86)/atmel/studio/7.0/toolchain/avr8/avr8-gnu-toolchain/bin/../lib/gcc/avr/5.4.0/avr5\libgcc.a(_umulhisi3.o)
 .text.libgcc   0x00000000        0x0 c:/program files (x86)/atmel/studio/7.0/toolchain/avr8/avr8-gnu-toolchain/bin/../lib/gcc/avr/5.4.0/avr5\libgcc.a(_umulhisi3.o)
 .text.libgcc.prologue
                0x00000000        0x0 c:/program files (x86)/atmel/studio/7.0/toolchain/avr8/avr8-gnu-toolchain/bin/../lib/gcc/avr/5.4.0/avr5\libgcc.a(_umulhisi3.o)
 .text.libgcc.builtins
                0x00000000        0x0 c:/program files (x86)/atmel/studio/7.0/toolchain/avr8/avr8-gnu-toolchain/bin/../lib/gcc/avr/5.4.0/avr5\libgcc.a(_umulhisi3.o)
 .text.libgcc.fmul
                0x00000000        0x0 c:/program files (x86)/atmel/studio/7.0/toolchain/avr8/avr8-gnu-toolchain/bin/../lib/gcc/avr/5.4.0/avr5\libgcc.a(_umulhisi3.o)
 .text.libgcc.fixed
                0x00000000        0x0 c:/program files (x86)/atmel/studio/7.0/toolchain/avr8/avr8-gnu-toolchain/bin/../lib/gcc/avr/5.4.0/avr5\libgcc.a(_umulhisi3.o)
 .text          0x00000000        0x0 c:/program files (x86)/atmel/studio/7.0/toolchain/avr8/avr8-gnu-toolchain/bin/../lib/gcc/avr/5.4.0/avr5\libgcc.a(_muluhisi3.o)
 .data          0x00000000        0x0 c:/program files (x86)/atmel/studio/7.0/toolchain/avr8/avr8-gnu-toolchain/bin/../lib/gcc/avr/5.4.0/avr5\libgcc.a(_muluhisi3.o)
 .bss           0x00000000        0x0 c:/program files (x86)/atmel/studio/7.0/toolchain/avr8/avr8-gnu-toolchain/bin/../lib/gcc/avr/5.4.0/avr5\libgcc.a(_muluhisi3.o)
 .text.libgcc.mul
                0x00000000       0x16 c:/program files (x86)/atmel/studio/7.0/toolchain/avr8/avr8-gnu-toolchain/bin/../lib/gcc/avr/5.4.0/avr5\libgcc.a(_muluhisi3.o)
 .text.libgcc.div
                0x00000000        0x0 c:/program files (x86)/atmel/studio/7.0/toolchain/avr8/avr8-gnu-toolchain/bin/../lib/gcc/avr/5.4.0/avr5\libgcc.a(_muluhisi3.o)
 .text.libgcc   0x00000000        0x0 c:/program files (x86)/atmel/studio/7.0/toolchain/avr8/avr8-gnu-toolchain/bin/../lib/gcc/avr/5.4.0/avr5\libgcc.a(_muluhisi3.o)
 .text.libgcc.prologue
                0x00000000        0x0 c:/program files (x86)/atmel/studio/7.0/toolchain/avr8/avr8-gnu-toolchain/bin/../lib/gcc/avr/5.4.0/avr5\libgcc.a(_muluhisi3.o)
 .text.libgcc.builtins
                0x00000000        0x0 c:/program files (x86)/atmel/studio/7.0/toolchain/avr8/avr8-gnu-toolchain/bin/../lib/gcc/avr/5.4.0/avr5\libgcc.a(_muluhisi3.o)
 .text.libgcc.fmul
                0x00000000        0x0 c:/program files (x86)/atmel/studio/7.0/toolchain/avr8/avr8-gnu-toolchain/bin/../lib/gcc/avr/5.4.0/avr5\libgcc.a(_muluhisi3.o)
 .text.libgcc.fixed
                0x00000000        0x0 c:/program files (x86)/atmel/studio/7.0/toolchain/avr8/avr8-gnu-toolchain/bin/../lib/gcc/avr/5.4.0/avr5\libgcc.a(_muluhisi3.o)

Memory Configuration

Name             Origin             Length             Attributes
text             0x00000000         0x00008000         xr
data             0x00800060         0x00000800         rw !x
eeprom           0x00810000         0x00000400         rw !x
fuse             0x00820000         0x00000002         rw !x
lock             0x00830000         0x00000400         rw !x
signature        0x00840000         0x00000400         rw !x
user_signatures  0x00850000         0x00000400         rw !x
*default*        0x00000000         0xffffffff

Linker script and memory map

LOAD C:/Program Files (x86)/Atmel/Studio/7.0/Packs/atmel/ATmega_DFP/1.7.374/gcc/dev/atmega32/avr5/crtatmega32.o
LOAD APP/BoilerAndTankLevel/Boiler.o
LOAD APP/Calculator/Calculator.o
LOAD APP/Converter/Converter.o
LOAD APP/FireAlarmSystem/FireAlarm.o
LOAD APP/MotorApp/MOVE.o
LOAD General.o
LOAD HAL/KeyPad/KeyPad.o
LOAD HAL/lCD/LCD.o
LOAD HAL/lCD/LCD_Private.o
LOAD HAL/LED/LED.o
LOAD HAL/Motor/Motor.o
LOAD HAL/Motor/Motor_cfg.o
LOAD HAL/Sensors/Sensors.o
LOAD HAL/SevenSegment/SevenSegment.o
LOAD HAL/SevenSegment/SevenSegment_Cfg.o
LOAD HAL/Ultrasonic/ultrasonic.o
LOAD main.o
LOAD MCAL/ADC/ADC.o
LOAD MCAL/DIO/DIO.o
LOAD MCAL/DIO/DIO_Cfg.o
LOAD MCAL/Interrupt/Interrupt.o
LOAD MCAL/Timer/Timer.o
LOAD MCAL/UART/UART.o
LOAD Service/Timer_Services/Timer_Service.o
LOAD Service/UARTService/UARTService.o
START GROUP
LOAD c:/program files (x86)/atmel/studio/7.0/toolchain/avr8/avr8-gnu-toolchain/bin/../lib/gcc/avr/5.4.0/../../../../avr/lib/avr5\libm.a
END GROUP
START GROUP
LOAD c:/program files (x86)/atmel/studio/7.0/toolchain/avr8/avr8-gnu-toolchain/bin/../lib/gcc/avr/5.4.0/avr5\libgcc.a
LOAD c:/program files (x86)/atmel/studio/7.0/toolchain/avr8/avr8-gnu-toolchain/bin/../lib/gcc/avr/5.4.0/../../../../avr/lib/avr5\libm.a
LOAD c:/program files (x86)/atmel/studio/7.0/toolchain/avr8/avr8-gnu-toolchain/bin/../lib/gcc/avr/5.4.0/../../../../avr/lib/avr5\libc.a
LOAD C:/Program Files (x86)/Atmel/Studio/7.0/Packs/atmel/ATmega_DFP/1.7.374/gcc/dev/atmega32/avr5\libatmega32.a
END GROUP
                0x00000000                __TEXT_REGION_ORIGIN__ = DEFINED (__TEXT_REGION_ORIGIN__)?__TEXT_REGION_ORIGIN__:0x0
                [0x00800060]                __DATA_REGION_ORIGIN__ = DEFINED (__DATA_REGION_ORIGIN__)?__DATA_REGION_ORIGIN__:0x800060
                [0x00008000]                __TEXT_REGION_LENGTH__ = DEFINED (__TEXT_REGION_LENGTH__)?__TEXT_REGION_LENGTH__:0x20000
                [0x00000800]                __DATA_REGION_LENGTH__ = DEFINED (__DATA_REGION_LENGTH__)?__DATA_REGION_LENGTH__:0xffa0
                [0x00000400]                __EEPROM_REGION_LENGTH__ = DEFINED (__EEPROM_REGION_LENGTH__)?__EEPROM_REGION_LENGTH__:0x10000
                [0x00000002]                __FUSE_REGION_LENGTH__ = DEFINED (__FUSE_REGION_LENGTH__)?__FUSE_REGION_LENGTH__:0x400
                0x00000400                __LOCK_REGION_LENGTH__ = DEFINED (__LOCK_REGION_LENGTH__)?__LOCK_REGION_LENGTH__:0x400
                0x00000400                __SIGNATURE_REGION_LENGTH__ = DEFINED (__SIGNATURE_REGION_LENGTH__)?__SIGNATURE_REGION_LENGTH__:0x400
                0x00000400                __USER_SIGNATURE_REGION_LENGTH__ = DEFINED (__USER_SIGNATURE_REGION_LENGTH__)?__USER_SIGNATURE_REGION_LENGTH__:0x400

.hash
 *(.hash)

.dynsym
 *(.dynsym)

.dynstr
 *(.dynstr)

.gnu.version
 *(.gnu.version)

.gnu.version_d
 *(.gnu.version_d)

.gnu.version_r
 *(.gnu.version_r)

.rel.init
 *(.rel.init)

.rela.init
 *(.rela.init)

.rel.text
 *(.rel.text)
 *(.rel.text.*)
 *(.rel.gnu.linkonce.t*)

.rela.text
 *(.rela.text)
 *(.rela.text.*)
 *(.rela.gnu.linkonce.t*)

.rel.fini
 *(.rel.fini)

.rela.fini
 *(.rela.fini)

.rel.rodata
 *(.rel.rodata)
 *(.rel.rodata.*)
 *(.rel.gnu.linkonce.r*)

.rela.rodata
 *(.rela.rodata)
 *(.rela.rodata.*)
 *(.rela.gnu.linkonce.r*)

.rel.data
 *(.rel.data)
 *(.rel.data.*)
 *(.rel.gnu.linkonce.d*)

.rela.data
 *(.rela.data)
 *(.rela.data.*)
 *(.rela.gnu.linkonce.d*)

.rel.ctors
 *(.rel.ctors)

.rela.ctors
 *(.rela.ctors)

.rel.dtors
 *(.rel.dtors)

.rela.dtors
 *(.rela.dtors)

.rel.got
 *(.rel.got)

.rela.got
 *(.rela.got)

.rel.bss
 *(.rel.bss)

.rela.bss
 *(.rela.bss)

.rel.plt
 *(.rel.plt)

.rela.plt
 *(.rela.plt)

.text           0x00000000      0xc2e
 *(.vectors)
 .vectors       0x00000000       0x54 C:/Program Files (x86)/Atmel/Studio/7.0/Packs/atmel/ATmega_DFP/1.7.374/gcc/dev/atmega32/avr5/crtatmega32.o
                0x00000000                __vector_default
                0x00000000                __vectors
 *(.vectors)
 *(.progmem.gcc*)
                0x00000054                . = ALIGN (0x2)
                0x00000054                __trampolines_start = .
 *(.trampolines)
 .trampolines   0x00000054        0x0 linker stubs
 *(.trampolines*)
                0x00000054                __trampolines_end = .
 *libprintf_flt.a:*(.progmem.data)
 *libc.a:*(.progmem.data)
 *(.progmem*)
                0x00000054                . = ALIGN (0x2)
 *(.jumptables)
 *(.jumptables*)
 *(.lowtext)
 *(.lowtext*)
                0x00000054                __ctors_start = .
 *(.ctors)
                0x00000054                __ctors_end = .
                0x00000054                __dtors_start = .
 *(.dtors)
                0x00000054                __dtors_end = .
 SORT(*)(.ctors)
 SORT(*)(.dtors)
 *(.init0)
 .init0         0x00000054        0x0 C:/Program Files (x86)/Atmel/Studio/7.0/Packs/atmel/ATmega_DFP/1.7.374/gcc/dev/atmega32/avr5/crtatmega32.o
                0x00000054                __init
 *(.init0)
 *(.init1)
 *(.init1)
 *(.init2)
 .init2         0x00000054        0xc C:/Program Files (x86)/Atmel/Studio/7.0/Packs/atmel/ATmega_DFP/1.7.374/gcc/dev/atmega32/avr5/crtatmega32.o
 *(.init2)
 *(.init3)
 *(.init3)
 *(.init4)
 .init4         0x00000060       0x16 c:/program files (x86)/atmel/studio/7.0/toolchain/avr8/avr8-gnu-toolchain/bin/../lib/gcc/avr/5.4.0/avr5\libgcc.a(_copy_data.o)
                0x00000060                __do_copy_data
 .init4         0x00000076       0x10 c:/program files (x86)/atmel/studio/7.0/toolchain/avr8/avr8-gnu-toolchain/bin/../lib/gcc/avr/5.4.0/avr5\libgcc.a(_clear_bss.o)
                0x00000076                __do_clear_bss
 *(.init4)
 *(.init5)
 *(.init5)
 *(.init6)
 *(.init6)
 *(.init7)
 *(.init7)
 *(.init8)
 *(.init8)
 *(.init9)
 .init9         0x00000086        0x8 C:/Program Files (x86)/Atmel/Studio/7.0/Packs/atmel/ATmega_DFP/1.7.374/gcc/dev/atmega32/avr5/crtatmega32.o
 *(.init9)
 *(.text)
 .text          0x0000008e        0x4 C:/Program Files (x86)/Atmel/Studio/7.0/Packs/atmel/ATmega_DFP/1.7.374/gcc/dev/atmega32/avr5/crtatmega32.o
                0x0000008e                __vector_12
                0x0000008e                __bad_interrupt
                0x0000008e                __vector_13
                0x0000008e                __vector_17
                0x0000008e                __vector_19
                0x0000008e                __vector_5
                0x0000008e                __vector_4
                0x0000008e                __vector_15
                0x0000008e                __vector_14
                0x0000008e                __vector_16
                0x0000008e                __vector_18
                0x0000008e                __vector_20
                0x00000092                . = ALIGN (0x2)
 *(.text.*)
 .text.KeyPad_Init
                0x00000092        0x2 HAL/KeyPad/KeyPad.o
                0x00000092                KeyPad_Init
 .text.LCDWriteInstruction
                0x00000094       0xc0 HAL/lCD/LCD.o
 .text.LCDWriteData
                0x00000154       0xc0 HAL/lCD/LCD.o
 .text.LCD_Init
                0x00000214       0x3e HAL/lCD/LCD.o
                0x00000214                LCD_Init
 .text.LCD_WriteChar
                0x00000252        0x6 HAL/lCD/LCD.o
                0x00000252                LCD_WriteChar
 .text.LCD_WriteNumber
                0x00000258       0x9a HAL/lCD/LCD.o
                0x00000258                LCD_WriteNumber
 .text.LCDGoTo  0x000002f2       0x1c HAL/lCD/LCD.o
                0x000002f2                LCDGoTo
 .text.F1       0x0000030e        0xe main.o
                0x0000030e                F1
 .text.F2       0x0000031c        0xe main.o
                0x0000031c                F2
 .text.main     0x0000032a       0x98 main.o
                0x0000032a                main
 .text.ADCInit  0x000003c2       0x4e MCAL/ADC/ADC.o
                0x000003c2                ADCInit
 .text.DIO_VidInitPin
                0x00000410      0x1fa MCAL/DIO/DIO.o
                0x00000410                DIO_VidInitPin
 .text.DIO_VidWritePin
                0x0000060a      0x10e MCAL/DIO/DIO.o
                0x0000060a                DIO_VidWritePin
 .text.DIO_VidIntallPins
                0x00000718       0x20 MCAL/DIO/DIO.o
                0x00000718                DIO_VidIntallPins
 .text.ExternalInterruptEnable
                0x00000738       0x24 MCAL/Interrupt/Interrupt.o
                0x00000738                ExternalInterruptEnable
 .text.ExternalInttruptwillbeActivatedWith
                0x0000075c       0xb8 MCAL/Interrupt/Interrupt.o
                0x0000075c                ExternalInttruptwillbeActivatedWith
 .text.Ext_SetCallBack
                0x00000814       0x2a MCAL/Interrupt/Interrupt.o
                0x00000814                Ext_SetCallBack
 .text.__vector_1
                0x0000083e       0x52 MCAL/Interrupt/Interrupt.o
                0x0000083e                __vector_1
 .text.__vector_2
                0x00000890       0x52 MCAL/Interrupt/Interrupt.o
                0x00000890                __vector_2
 .text.__vector_3
                0x000008e2       0x52 MCAL/Interrupt/Interrupt.o
                0x000008e2                __vector_3
 .text.__vector_11
                0x00000934       0x52 MCAL/Timer/Timer.o
                0x00000934                __vector_11
 .text.__vector_10
                0x00000986       0x52 MCAL/Timer/Timer.o
                0x00000986                __vector_10
 .text.TIMER1_INIT
                0x000009d8       0xa8 MCAL/Timer/Timer.o
                0x000009d8                TIMER1_INIT
 .text.TIMER1_OVF_InterruptEnable
                0x00000a80        0x8 MCAL/Timer/Timer.o
                0x00000a80                TIMER1_OVF_InterruptEnable
 .text.TIMER1_OVF_SetCallBack
                0x00000a88        0xa MCAL/Timer/Timer.o
                0x00000a88                TIMER1_OVF_SetCallBack
 .text.__vector_9
                0x00000a92       0x52 MCAL/Timer/Timer.o
                0x00000a92                __vector_9
 .text.__vector_7
                0x00000ae4       0x52 MCAL/Timer/Timer.o
                0x00000ae4                __vector_7
 .text.__vector_8
                0x00000b36       0x52 MCAL/Timer/Timer.o
                0x00000b36                __vector_8
 .text.__vector_6
                0x00000b88       0x52 MCAL/Timer/Timer.o
                0x00000b88                __vector_6
 .text.libgcc.div
                0x00000bda       0x28 c:/program files (x86)/atmel/studio/7.0/toolchain/avr8/avr8-gnu-toolchain/bin/../lib/gcc/avr/5.4.0/avr5\libgcc.a(_udivmodhi4.o)
                0x00000bda                __udivmodhi4
 .text.libgcc.div
                0x00000c02       0x28 c:/program files (x86)/atmel/studio/7.0/toolchain/avr8/avr8-gnu-toolchain/bin/../lib/gcc/avr/5.4.0/avr5\libgcc.a(_divmodhi4.o)
                0x00000c02                _div
                0x00000c02                __divmodhi4
                0x00000c2a                . = ALIGN (0x2)
 *(.fini9)
 .fini9         0x00000c2a        0x0 c:/program files (x86)/atmel/studio/7.0/toolchain/avr8/avr8-gnu-toolchain/bin/../lib/gcc/avr/5.4.0/avr5\libgcc.a(_exit.o)
                0x00000c2a                _exit
                0x00000c2a                exit
 *(.fini9)
 *(.fini8)
 *(.fini8)
 *(.fini7)
 *(.fini7)
 *(.fini6)
 *(.fini6)
 *(.fini5)
 *(.fini5)
 *(.fini4)
 *(.fini4)
 *(.fini3)
 *(.fini3)
 *(.fini2)
 *(.fini2)
 *(.fini1)
 *(.fini1)
 *(.fini0)
 .fini0         0x00000c2a        0x4 c:/program files (x86)/atmel/studio/7.0/toolchain/avr8/avr8-gnu-toolchain/bin/../lib/gcc/avr/5.4.0/avr5\libgcc.a(_exit.o)
 *(.fini0)
                0x00000c2e                _etext = .

.data           0x00800060       0x20 load address 0x00000c2e
                0x00800060                PROVIDE (__data_start, .)
 *(.data)
 *(.data*)
 *(.gnu.linkonce.d*)
 *(.rodata)
 *(.rodata*)
 .rodata.pinsStatusArr
                0x00800060       0x20 MCAL/DIO/DIO_Cfg.o
                0x00800060                pinsStatusArr
 *(.gnu.linkonce.r*)
                0x00800080                . = ALIGN (0x2)
                0x00800080                _edata = .
                0x00800080                PROVIDE (__data_end, .)

.bss            0x00800080       0x1a
                0x00800080                PROVIDE (__bss_start, .)
 *(.bss)
 *(.bss*)
 .bss.Time      0x00800080        0x2 main.o
 .bss.t2        0x00800082        0x2 main.o
 .bss.t1        0x00800084        0x2 main.o
 .bss.c         0x00800086        0x2 main.o
 .bss.PtrTo_Int2
                0x00800088        0x2 MCAL/Interrupt/Interrupt.o
 .bss.PtrTo_Int1
                0x0080008a        0x2 MCAL/Interrupt/Interrupt.o
 .bss.PtrTo_Int0
                0x0080008c        0x2 MCAL/Interrupt/Interrupt.o
 .bss.PtrT0_TIMER1_ICU
                0x0080008e        0x2 MCAL/Timer/Timer.o
 .bss.PtrTo_TIMER1_OC1B
                0x00800090        0x2 MCAL/Timer/Timer.o
 .bss.PtrTo_TIMER1_OC1A
                0x00800092        0x2 MCAL/Timer/Timer.o
 .bss.PtrTo_TIMER1_OVF
                0x00800094        0x2 MCAL/Timer/Timer.o
 .bss.Ptr_TIMER0_OC
                0x00800096        0x2 MCAL/Timer/Timer.o
 .bss.Ptr_TIMER0_OV
                0x00800098        0x2 MCAL/Timer/Timer.o
 *(COMMON)
                0x0080009a                PROVIDE (__bss_end, .)
                0x00000c2e                __data_load_start = LOADADDR (.data)
                0x00000c4e                __data_load_end = (__data_load_start + SIZEOF (.data))

.noinit         0x0080009a        0x0
                [!provide]                PROVIDE (__noinit_start, .)
 *(.noinit*)
                [!provide]                PROVIDE (__noinit_end, .)
                0x0080009a                _end = .
                [!provide]                PROVIDE (__heap_start, .)

.eeprom         0x00810000        0x0
 *(.eeprom*)
                0x00810000                __eeprom_end = .

.fuse
 *(.fuse)
 *(.lfuse)
 *(.hfuse)
 *(.efuse)

.lock
 *(.lock*)

.signature
 *(.signature*)

.user_signatures
 *(.user_signatures*)

.stab
 *(.stab)

.stabstr
 *(.stabstr)

.stab.excl
 *(.stab.excl)

.stab.exclstr
 *(.stab.exclstr)

.stab.index
 *(.stab.index)

.stab.indexstr
 *(.stab.indexstr)

.comment        0x00000000       0x30
 *(.comment)
 .comment       0x00000000       0x30 HAL/KeyPad/KeyPad.o
                                 0x31 (size before relaxing)
 .comment       0x00000030       0x31 HAL/lCD/LCD.o
 .comment       0x00000030       0x31 main.o
 .comment       0x00000030       0x31 MCAL/ADC/ADC.o
 .comment       0x00000030       0x31 MCAL/DIO/DIO.o
 .comment       0x00000030       0x31 MCAL/DIO/DIO_Cfg.o
 .comment       0x00000030       0x31 MCAL/Interrupt/Interrupt.o
 .comment       0x00000030       0x31 MCAL/Timer/Timer.o

.note.gnu.avr.deviceinfo
                0x00000000       0x3c
 .note.gnu.avr.deviceinfo
                0x00000000       0x3c C:/Program Files (x86)/Atmel/Studio/7.0/Packs/atmel/ATmega_DFP/1.7.374/gcc/dev/atmega32/avr5/crtatmega32.o

.note.gnu.build-id
 *(.note.gnu.build-id)

.debug
 *(.debug)

.line
 *(.line)

.debug_srcinfo
 *(.debug_srcinfo)

.debug_sfnames
 *(.debug_sfnames)

.debug_aranges
 *(.debug_aranges)

.debug_pubnames
 *(.debug_pubnames)

.debug_info     0x00000000      0x4e6
 *(.debug_info .gnu.linkonce.wi.*)
 .debug_info    0x00000000      0x4e6 C:/Program Files (x86)/Atmel/Studio/7.0/Packs/atmel/ATmega_DFP/1.7.374/gcc/dev/atmega32/avr5/crtatmega32.o

.debug_abbrev   0x00000000      0x4a3
 *(.debug_abbrev)
 .debug_abbrev  0x00000000      0x4a3 C:/Program Files (x86)/Atmel/Studio/7.0/Packs/atmel/ATmega_DFP/1.7.374/gcc/dev/atmega32/avr5/crtatmega32.o

.debug_line     0x00000000      0x116
 *(.debug_line .debug_line.* .debug_line_end)
 .debug_line    0x00000000      0x116 C:/Program Files (x86)/Atmel/Studio/7.0/Packs/atmel/ATmega_DFP/1.7.374/gcc/dev/atmega32/avr5/crtatmega32.o

.debug_frame
 *(.debug_frame)

.debug_str      0x00000000      0x196
 *(.debug_str)
 .debug_str     0x00000000      0x196 C:/Program Files (x86)/Atmel/Studio/7.0/Packs/atmel/ATmega_DFP/1.7.374/gcc/dev/atmega32/avr5/crtatmega32.o

.debug_loc
 *(.debug_loc)

.debug_macinfo
 *(.debug_macinfo)

.debug_weaknames
 *(.debug_weaknames)

.debug_funcnames
 *(.debug_funcnames)

.debug_typenames
 *(.debug_typenames)

.debug_varnames
 *(.debug_varnames)

.debug_pubtypes
 *(.debug_pubtypes)

.debug_ranges
 *(.debug_ranges)

.debug_macro
 *(.debug_macro)
OUTPUT(InterfaceCode.elf elf32-avr)
LOAD linker stubs
